Last login: Fri May 15 11:49:35 on ttys000
luismamayson@luiss-mbp ~ % ls
Applications		Dropbox			Pictures
Creative Cloud Files	Google Drive		Public
Desktop			Library			welcome-session
Documents		Movies
Downloads		Music
luismamayson@luiss-mbp ~ % cd Desktop
luismamayson@luiss-mbp Desktop % ls
UCBerkeley_coding	projects
htlmcssbook		welcome-session
luismamayson@luiss-mbp Desktop % cd projects
luismamayson@luiss-mbp projects % mkdir run-buddy
mkdir: run-buddy: File exists
luismamayson@luiss-mbp projects % cd rund-buddy
cd: no such file or directory: rund-buddy
luismamayson@luiss-mbp projects % cd run-buddy
luismamayson@luiss-mbp run-buddy % pwd
/Users/luismamayson/Desktop/projects/run-buddy
luismamayson@luiss-mbp run-buddy % ls
hello.txt	index.html
luismamayson@luiss-mbp run-buddy % rm hello.txt
luismamayson@luiss-mbp run-buddy % ls
index.html
luismamayson@luiss-mbp run-buddy % git init
Initialized empty Git repository in /Users/luismamayson/Desktop/projects/run-buddy/.git/
luismamayson@luiss-mbp run-buddy % ls -a
.		..		.git		index.html
luismamayson@luiss-mbp run-buddy % git status
On branch master

No commits yet

Untracked files:
  (use "git add <file>..." to include in what will be committed)
	index.html

nothing added to commit but untracked files present (use "git add" to track)
luismamayson@luiss-mbp run-buddy % git add index.html
luismamayson@luiss-mbp run-buddy % git status
On branch master

No commits yet

Changes to be committed:
  (use "git rm --cached <file>..." to unstage)
	new file:   index.html

luismamayson@luiss-mbp run-buddy % git commit -m "page template"
[master (root-commit) 20d95df] page template
 1 file changed, 11 insertions(+)
 create mode 100644 index.html
luismamayson@luiss-mbp run-buddy % git status
On branch master
Changes not staged for commit:
  (use "git add <file>..." to update what will be committed)
  (use "git restore <file>..." to discard changes in working directory)
	modified:   index.html

no changes added to commit (use "git add" and/or "git commit -a")
luismamayson@luiss-mbp run-buddy % git add index.html
luismamayson@luiss-mbp run-buddy % git commit -m "add more text"
[master c874cef] add more text
 1 file changed, 1 insertion(+), 1 deletion(-)
luismamayson@luiss-mbp run-buddy % git log
commit c874cef9882d1a0b75885e84e5b2913f08db96bf (HEAD -> master)
Author: iamluis-too <luis.mamayson@gmail.com>
Date:   Sat May 16 16:11:52 2020 -0700

    add more text

commit 20d95df8046859ebed1ba973609fafe533867339
Author: iamluis-too <luis.mamayson@gmail.com>
Date:   Sat May 16 16:09:42 2020 -0700

    page template
luismamayson@luiss-mbp run-buddy % ls
index.html
luismamayson@luiss-mbp run-buddy % touch .gitignore
luismamayson@luiss-mbp run-buddy % ls
index.html
luismamayson@luiss-mbp run-buddy % git status 
On branch master
Changes not staged for commit:
  (use "git add <file>..." to update what will be committed)
  (use "git restore <file>..." to discard changes in working directory)
	modified:   index.html

Untracked files:
  (use "git add <file>..." to include in what will be committed)
	.gitignore

no changes added to commit (use "git add" and/or "git commit -a")
luismamayson@luiss-mbp run-buddy % git add .
luismamayson@luiss-mbp run-buddy % git commit -m "html outline and gitignore"
[master 79901d0] html outline and gitignore
 2 files changed, 29 insertions(+), 1 deletion(-)
 create mode 100644 .gitignore
luismamayson@luiss-mbp run-buddy % git remote add origin git@github.com:iamluis-too/run-buddy.git
luismamayson@luiss-mbp run-buddy % git remote -v
origin	git@github.com:iamluis-too/run-buddy.git (fetch)
origin	git@github.com:iamluis-too/run-buddy.git (push)
luismamayson@luiss-mbp run-buddy % git push origin master
Enumerating objects: 10, done.
Counting objects: 100% (10/10), done.
Delta compression using up to 8 threads
Compressing objects: 100% (7/7), done.
Writing objects: 100% (10/10), 1.07 KiB | 1.07 MiB/s, done.
Total 10 (delta 2), reused 0 (delta 0)
remote: Resolving deltas: 100% (2/2), done.
To github.com:iamluis-too/run-buddy.git
 * [new branch]      master -> master
luismamayson@luiss-mbp run-buddy % git add -A
luismamayson@luiss-mbp run-buddy % git commit -m "nav and unordered list"
[master 0f8c135] nav and unordered list
 1 file changed, 21 insertions(+), 1 deletion(-)
luismamayson@luiss-mbp run-buddy % git push origin master
Enumerating objects: 5, done.
Counting objects: 100% (5/5), done.
Delta compression using up to 8 threads
Compressing objects: 100% (3/3), done.
Writing objects: 100% (3/3), 701 bytes | 701.00 KiB/s, done.
Total 3 (delta 0), reused 0 (delta 0)
To github.com:iamluis-too/run-buddy.git
   79901d0..0f8c135  master -> master
luismamayson@luiss-mbp run-buddy % mkdir assets
luismamayson@luiss-mbp run-buddy % ls
assets		index.html
luismamayson@luiss-mbp run-buddy % cd ..
luismamayson@luiss-mbp projects % ls
run-buddy
luismamayson@luiss-mbp projects % cd run-buddy
luismamayson@luiss-mbp run-buddy % ls
assets		index.html
luismamayson@luiss-mbp run-buddy % mkdir assets
mkdir: assets: File exists
luismamayson@luiss-mbp run-buddy % ls
assets		index.html
luismamayson@luiss-mbp run-buddy % cd assets
luismamayson@luiss-mbp assets % mkdir css
luismamayson@luiss-mbp assets % ls
css
luismamayson@luiss-mbp assets % git add style.css
fatal: pathspec 'style.css' did not match any files
luismamayson@luiss-mbp assets % ls
css
luismamayson@luiss-mbp assets % touch style.css
luismamayson@luiss-mbp assets % ls
css		style.css
luismamayson@luiss-mbp assets % git add .
luismamayson@luiss-mbp assets % git commit -m "stylesheet"
[master 12690a1] stylesheet
 1 file changed, 4 insertions(+)
 create mode 100644 assets/style.css
luismamayson@luiss-mbp assets % git push origin master
Enumerating objects: 5, done.
Counting objects: 100% (5/5), done.
Delta compression using up to 8 threads
Compressing objects: 100% (3/3), done.
Writing objects: 100% (4/4), 441 bytes | 441.00 KiB/s, done.
Total 4 (delta 0), reused 0 (delta 0)
To github.com:iamluis-too/run-buddy.git
   0f8c135..12690a1  master -> master
luismamayson@luiss-mbp assets % cd .
luismamayson@luiss-mbp assets % .cd
zsh: command not found: .cd
luismamayson@luiss-mbp assets % ls
css		style.css
luismamayson@luiss-mbp assets % cd.
zsh: command not found: cd.
luismamayson@luiss-mbp assets % cd .
luismamayson@luiss-mbp assets % ls
css		style.css
luismamayson@luiss-mbp assets % cd -
~/Desktop/projects/run-buddy/assets
luismamayson@luiss-mbp assets % ls
css		style.css
luismamayson@luiss-mbp assets % cd --
luismamayson@luiss-mbp ~ % ls
Applications		Documents		Google Drive		Music			welcome-session
Creative Cloud Files	Downloads		Library			Pictures
Desktop			Dropbox			Movies			Public
luismamayson@luiss-mbp ~ % cd run-buddy
cd: no such file or directory: run-buddy
luismamayson@luiss-mbp ~ % cd desktop
luismamayson@luiss-mbp desktop % ls
UCBerkeley_coding	htlmcssbook		projects		welcome-session
luismamayson@luiss-mbp desktop % cd projects
luismamayson@luiss-mbp projects % ls
run-buddy
luismamayson@luiss-mbp projects % cd run-buddy
luismamayson@luiss-mbp run-buddy % ls
assets		index.html
luismamayson@luiss-mbp run-buddy % git statues
git: 'statues' is not a git command. See 'git --help'.

The most similar command is
	status
luismamayson@luiss-mbp run-buddy % git status
On branch master
Changes not staged for commit:
  (use "git add <file>..." to update what will be committed)
  (use "git restore <file>..." to discard changes in working directory)
	modified:   index.html

no changes added to commit (use "git add" and/or "git commit -a")
luismamayson@luiss-mbp run-buddy % git add index.html
luismamayson@luiss-mbp run-buddy % git commit -m "add more text"
[master 72235e7] add more text
 1 file changed, 4 insertions(+), 1 deletion(-)
luismamayson@luiss-mbp run-buddy % git push origin master
Enumerating objects: 5, done.
Counting objects: 100% (5/5), done.
Delta compression using up to 8 threads
Compressing objects: 100% (3/3), done.
Writing objects: 100% (3/3), 349 bytes | 349.00 KiB/s, done.
Total 3 (delta 2), reused 0 (delta 0)
remote: Resolving deltas: 100% (2/2), completed with 2 local objects.
To github.com:iamluis-too/run-buddy.git
   12690a1..72235e7  master -> master
luismamayson@luiss-mbp run-buddy % 
